treemgr agent.devman.extvars.aleosvars
#------------------------------------------------------------------------------
#- Copyright (c) 2012 Sierra Wireless and others.
#- All rights reserved. This program and the accompanying materials
#- are made available under the terms of the Eclipse Public License v1.0
#- which accompanies this distribution, and is available at
#- http://www.eclipse.org/legal/epl-v10.html
#-
#- Contributors:
#-     Fabien Fleutot     for Sierra Wireless - initial API and implementation
#------------------------------------------------------------------------------
aleos=

system.gps.latitude=10925
system.gps.longitude=10926
system.gps.speed=905
system.gps.heading=904
system.gps.altitude=10915
system.gps.hours=10916
system.gps.minutes=10917
system.gps.seconds=10918
system.gps.year=10919
system.gps.month=10920
system.gps.day=10921
system.gps.sat_cnt=901
system.gps.qual=900
system.gps.fix=10922

system.hw_info.global_id=25
system.sw_info.fw_ver=4
system.hw_info.hw_ver=5
system.sw_info.boot_ver=6
system.hw_info.product_str=7
system.cellular.subscriber.phone_num=17
system.io.ignition_in=10927
system.io.powerin=266
system.io.gpio.1=851
system.ddns.service.device_name=1154
system.aleos.io.in1=851
system.aleos.io.pulse_cnt1=4002
system.aleos.io.relay1=859
system.aleos.io.relay1.last=861
system.aleos.reserve.ser0=10120
system.aleos.reserve.dm=10125

system.aleos.pwr_state=262
system.aleos.low_pwr.mode=11110
system.aleos.low_pwr.voltage=1057
system.aleos.low_pwr.wake_delta=11111
system.aleos.low_pwr.delay=1058
system.aleos.low_pwr.start_time=11114
system.aleos.low_pwr.act_duration=11112
system.aleos.low_pwr.inact_dur=11113
system.aleos.low_pwr.ignt_sense=1056

system.aleos.cellular.state=259
system.cellular.link.channel=260
system.cellular.link.service=264
system.cellular.link.state=271
system.cellular.link.ip=301

system.cellular.link.pkts_sent=281
system.cellular.link.pkts_rcvd=282
system.cellular.link.bytes_sent=283
system.cellular.link.bytes_rcvd=284

system.aleos.cellular.data_usage.service_status=25003
system.aleos.cellular.data_usage.daily_limit=25005
system.aleos.cellular.data_usage.cur_daily_usage=25001
system.aleos.cellular.data_uage.monthly_units=25007
system.aleos.cellular.data_usage.monthly_limit=25006
system.aleos.cellular.data_usage.monthly_usage=25002
system.aleos.cellular.data_usage.monthly_start_day=25004

system.cellular.link.rssi=261
system.cellular.sw_info.fw_ver=8
system.cellular.hw_info.model=9
system.cellular.hw_info.imei=10
system.cellular.tech=27

system.cellular.cdma.link.sid=648
system.cellular.cdma.subscriber.nai=1543
system.cellular.cdma.link.operator=644
system.cellular.cdma.link.ecio=643
system.cellular.cdma.link.pn_offset=650

system.cellular.gsm.link.operator=770
system.cellular.gsm.link.ecio=772
system.cellular.gsm.link.cell_id=773

system.cellular.sim.iccid=771
system.cellular.sim.imsi=785
system.cellular.sim.enable=2153
system.cellular.sim.pin=2054

system.cellular.apn.apn=2151
system.cellular.apn_current=11202
system.router.dhcp.netmask=1135

system.aleos.lan.pppoe.auth_type=1120
system.aleos.lan.pppoe.user_id=1121
system.aleos.lan.pppoe.passwd=1122

system.wan.vpn.1.status=3176
system.wan.vpn.1.tunnel_type=3151
system.wan.vpn.1.gateway_type=3152
system.wan.vpn.1.gateway_address=3153
system.wan.vpn.1.remote_subnet=3154
system.wan.vpn.1.pre_shared_key=3155
system.wan.vpn.1.local_id_type=3157
system.wan.vpn.1.local_id_ip=3158
system.wan.vpn.1.local_fqdn=3305
system.wan.vpn.1.peer_id_type=3159
system.wan.vpn.1.peer_id_ip=3160
system.wan.vpn.1.peer_id_fqdn=3306
system.wan.vpn.1.mode=3161
system.wan.vpn.1.encrypt=3162
system.wan.vpn.1.auth=3163
system.wan.vpn.1.key_grp=3164
system.wan.vpn.1.sa_life_time=3165
system.wan.vpn.1.lan_addr_type=3166
system.wan.vpn.1.lan_addr_ip=3167
system.wan.vpn.1.lan_addr_mask=3168
system.wan.vpn.1.remote_addr_type=3169
system.wan.vpn.1.remote_addr_ip=3170
system.wan.vpn.1.remote_addr_mask=3171
system.wan.vpn.1.pfs=3289
system.wan.vpn.1.ipsec_encrypt=3172
system.wan.vpn.1.ipsec_auth=3173
system.wan.vpn.1.ipsec_key_grp=3174
system.wan.vpn.1.ipsec_sa_life_time=3175
system.wan.vpn.1.gre_ttl=5201

system.mdm.global_id=25
system.mdm.version=3
system.mdm.aleos_sw_ver=4
system.mdm.aleos_hw_ver=5
system.mdm.boot_ver=6
system.mdm.product_str=7
system.radio.sw_ver=8
system.radio.hw_ver=9
system.radio.id=10
system.mdm.phone_num=17
system.net.state=259
system.net.channel=260
system.net.rssi=261
system.net.service=264
system.net.link_state=271
system.net.ip=301
system.mdm.modem_name=1154
system.host.auth_type=1120
system.host.user_id=1121
system.host.passwd=1122
system.mdm.digital_in1=851
system.mdm.ignition_in=10927
system.mdm.reserve_ser0=10120
system.mdm.powerin=266
system.radio.tech=27
